c:\users\arnau\documents\citm\year4\graphicsprogramming\repo\advancedgraphicsprogramming\engine\x64\debug\vc142.pdb
c:\users\arnau\documents\citm\year4\graphicsprogramming\repo\advancedgraphicsprogramming\engine\x64\debug\vc142.idb
c:\users\arnau\documents\citm\year4\graphicsprogramming\repo\advancedgraphicsprogramming\engine\x64\debug\stb.obj
c:\users\arnau\documents\citm\year4\graphicsprogramming\repo\advancedgraphicsprogramming\engine\x64\debug\imgui_widgets.obj
c:\users\arnau\documents\citm\year4\graphicsprogramming\repo\advancedgraphicsprogramming\engine\x64\debug\imgui_tables.obj
c:\users\arnau\documents\citm\year4\graphicsprogramming\repo\advancedgraphicsprogramming\engine\x64\debug\imgui_impl_opengl3.obj
c:\users\arnau\documents\citm\year4\graphicsprogramming\repo\advancedgraphicsprogramming\engine\x64\debug\imgui_impl_glfw.obj
c:\users\arnau\documents\citm\year4\graphicsprogramming\repo\advancedgraphicsprogramming\engine\x64\debug\imgui_draw.obj
c:\users\arnau\documents\citm\year4\graphicsprogramming\repo\advancedgraphicsprogramming\engine\x64\debug\imgui_demo.obj
c:\users\arnau\documents\citm\year4\graphicsprogramming\repo\advancedgraphicsprogramming\engine\x64\debug\imgui.obj
c:\users\arnau\documents\citm\year4\graphicsprogramming\repo\advancedgraphicsprogramming\engine\x64\debug\platform.obj
c:\users\arnau\documents\citm\year4\graphicsprogramming\repo\advancedgraphicsprogramming\engine\x64\debug\engine.obj
c:\users\arnau\documents\citm\year4\graphicsprogramming\repo\advancedgraphicsprogramming\engine\x64\debug\glad.obj
c:\users\arnau\documents\citm\year4\graphicsprogramming\repo\advancedgraphicsprogramming\engine\x64\debug\engine.exe
c:\users\arnau\documents\citm\year4\graphicsprogramming\repo\advancedgraphicsprogramming\engine\x64\debug\engine.ilk
c:\users\arnau\documents\citm\year4\graphicsprogramming\repo\advancedgraphicsprogramming\engine\x64\debug\engine.pdb
c:\users\arnau\documents\citm\year4\graphicsprogramming\repo\advancedgraphicsprogramming\engine\x64\debug\engine.tlog\cl.command.1.tlog
c:\users\arnau\documents\citm\year4\graphicsprogramming\repo\advancedgraphicsprogramming\engine\x64\debug\engine.tlog\cl.read.1.tlog
c:\users\arnau\documents\citm\year4\graphicsprogramming\repo\advancedgraphicsprogramming\engine\x64\debug\engine.tlog\cl.write.1.tlog
c:\users\arnau\documents\citm\year4\graphicsprogramming\repo\advancedgraphicsprogramming\engine\x64\debug\engine.tlog\link.command.1.tlog
c:\users\arnau\documents\citm\year4\graphicsprogramming\repo\advancedgraphicsprogramming\engine\x64\debug\engine.tlog\link.read.1.tlog
c:\users\arnau\documents\citm\year4\graphicsprogramming\repo\advancedgraphicsprogramming\engine\x64\debug\engine.tlog\link.write.1.tlog
